[2024-03-29 16:46:38,647: WARNING/MainProcess] /Users/bulbulator-air/Desktop/giftWinnerBot/venv/lib/python3.11/site-packages/celery/worker/consumer/consumer.py:507: CPendingDeprecationWarning: The broker_connection_retry configuration setting will no longer determine
whether broker connection retries are made during startup in Celery 6.0 and above.
If you wish to retain the existing behavior for retrying connections on startup,
you should set broker_connection_retry_on_startup to True.
  warnings.warn(

[2024-03-29 16:46:38,671: INFO/MainProcess] Connected to redis://localhost:6379//
[2024-03-29 16:46:38,671: WARNING/MainProcess] /Users/bulbulator-air/Desktop/giftWinnerBot/venv/lib/python3.11/site-packages/celery/worker/consumer/consumer.py:507: CPendingDeprecationWarning: The broker_connection_retry configuration setting will no longer determine
whether broker connection retries are made during startup in Celery 6.0 and above.
If you wish to retain the existing behavior for retrying connections on startup,
you should set broker_connection_retry_on_startup to True.
  warnings.warn(

[2024-03-29 16:46:38,687: INFO/MainProcess] mingle: searching for neighbors
[2024-03-29 16:46:39,715: INFO/MainProcess] mingle: all alone
[2024-03-29 16:46:39,756: INFO/MainProcess] celery@MacBook-Air-bulbulator-air.local ready.
[2024-03-29 16:48:16,666: WARNING/MainProcess] /Users/bulbulator-air/Desktop/giftWinnerBot/venv/lib/python3.11/site-packages/celery/worker/consumer/consumer.py:507: CPendingDeprecationWarning: The broker_connection_retry configuration setting will no longer determine
whether broker connection retries are made during startup in Celery 6.0 and above.
If you wish to retain the existing behavior for retrying connections on startup,
you should set broker_connection_retry_on_startup to True.
  warnings.warn(

[2024-03-29 16:48:16,687: INFO/MainProcess] Connected to redis://localhost:6379//
[2024-03-29 16:48:16,687: WARNING/MainProcess] /Users/bulbulator-air/Desktop/giftWinnerBot/venv/lib/python3.11/site-packages/celery/worker/consumer/consumer.py:507: CPendingDeprecationWarning: The broker_connection_retry configuration setting will no longer determine
whether broker connection retries are made during startup in Celery 6.0 and above.
If you wish to retain the existing behavior for retrying connections on startup,
you should set broker_connection_retry_on_startup to True.
  warnings.warn(

[2024-03-29 16:48:16,699: INFO/MainProcess] mingle: searching for neighbors
[2024-03-29 16:48:17,718: INFO/MainProcess] mingle: all alone
[2024-03-29 16:48:17,754: INFO/MainProcess] celery@MacBook-Air-bulbulator-air.local ready.
[2024-03-29 16:50:28,979: WARNING/MainProcess] /Users/bulbulator-air/Desktop/giftWinnerBot/venv/lib/python3.11/site-packages/celery/worker/consumer/consumer.py:507: CPendingDeprecationWarning: The broker_connection_retry configuration setting will no longer determine
whether broker connection retries are made during startup in Celery 6.0 and above.
If you wish to retain the existing behavior for retrying connections on startup,
you should set broker_connection_retry_on_startup to True.
  warnings.warn(

[2024-03-29 16:50:29,004: INFO/MainProcess] Connected to redis://localhost:6379//
[2024-03-29 16:50:29,005: WARNING/MainProcess] /Users/bulbulator-air/Desktop/giftWinnerBot/venv/lib/python3.11/site-packages/celery/worker/consumer/consumer.py:507: CPendingDeprecationWarning: The broker_connection_retry configuration setting will no longer determine
whether broker connection retries are made during startup in Celery 6.0 and above.
If you wish to retain the existing behavior for retrying connections on startup,
you should set broker_connection_retry_on_startup to True.
  warnings.warn(

[2024-03-29 16:50:29,016: INFO/MainProcess] mingle: searching for neighbors
[2024-03-29 16:50:30,040: INFO/MainProcess] mingle: all alone
[2024-03-29 16:50:30,076: INFO/MainProcess] celery@MacBook-Air-bulbulator-air.local ready.
[2024-03-29 17:18:46,003: WARNING/MainProcess] /Users/bulbulator-air/Desktop/giftWinnerBot/venv/lib/python3.11/site-packages/celery/worker/consumer/consumer.py:507: CPendingDeprecationWarning: The broker_connection_retry configuration setting will no longer determine
whether broker connection retries are made during startup in Celery 6.0 and above.
If you wish to retain the existing behavior for retrying connections on startup,
you should set broker_connection_retry_on_startup to True.
  warnings.warn(

[2024-03-29 17:18:46,023: INFO/Beat] beat: Starting...
[2024-03-29 17:18:46,027: INFO/MainProcess] Connected to redis://localhost:6379//
[2024-03-29 17:18:46,028: WARNING/MainProcess] /Users/bulbulator-air/Desktop/giftWinnerBot/venv/lib/python3.11/site-packages/celery/worker/consumer/consumer.py:507: CPendingDeprecationWarning: The broker_connection_retry configuration setting will no longer determine
whether broker connection retries are made during startup in Celery 6.0 and above.
If you wish to retain the existing behavior for retrying connections on startup,
you should set broker_connection_retry_on_startup to True.
  warnings.warn(

[2024-03-29 17:18:46,033: INFO/MainProcess] mingle: searching for neighbors
[2024-03-29 17:18:47,056: INFO/MainProcess] mingle: all alone
[2024-03-29 17:18:47,107: INFO/MainProcess] celery@MacBook-Air-bulbulator-air.local ready.
[2024-03-29 17:25:05,957: INFO/MainProcess] beat: Shutting down...
[2024-03-29 17:25:09,036: INFO/Beat] beat: Starting...
[2024-03-29 17:25:09,343: WARNING/MainProcess] /Users/bulbulator-air/Desktop/giftWinnerBot/venv/lib/python3.11/site-packages/celery/worker/consumer/consumer.py:507: CPendingDeprecationWarning: The broker_connection_retry configuration setting will no longer determine
whether broker connection retries are made during startup in Celery 6.0 and above.
If you wish to retain the existing behavior for retrying connections on startup,
you should set broker_connection_retry_on_startup to True.
  warnings.warn(

[2024-03-29 17:25:09,365: INFO/MainProcess] Connected to redis://localhost:6379//
[2024-03-29 17:25:09,366: WARNING/MainProcess] /Users/bulbulator-air/Desktop/giftWinnerBot/venv/lib/python3.11/site-packages/celery/worker/consumer/consumer.py:507: CPendingDeprecationWarning: The broker_connection_retry configuration setting will no longer determine
whether broker connection retries are made during startup in Celery 6.0 and above.
If you wish to retain the existing behavior for retrying connections on startup,
you should set broker_connection_retry_on_startup to True.
  warnings.warn(

[2024-03-29 17:25:09,378: INFO/MainProcess] mingle: searching for neighbors
[2024-03-29 17:25:10,408: INFO/MainProcess] mingle: all alone
[2024-03-29 17:25:10,452: INFO/MainProcess] celery@MacBook-Air-bulbulator-air.local ready.
[2024-03-29 17:27:33,329: INFO/MainProcess] beat: Shutting down...
[2024-03-29 17:27:35,820: WARNING/MainProcess] /Users/bulbulator-air/Desktop/giftWinnerBot/venv/lib/python3.11/site-packages/celery/worker/consumer/consumer.py:507: CPendingDeprecationWarning: The broker_connection_retry configuration setting will no longer determine
whether broker connection retries are made during startup in Celery 6.0 and above.
If you wish to retain the existing behavior for retrying connections on startup,
you should set broker_connection_retry_on_startup to True.
  warnings.warn(

[2024-03-29 17:27:35,829: INFO/Beat] beat: Starting...
[2024-03-29 17:27:35,849: INFO/MainProcess] Connected to redis://localhost:6379//
[2024-03-29 17:27:35,849: WARNING/MainProcess] /Users/bulbulator-air/Desktop/giftWinnerBot/venv/lib/python3.11/site-packages/celery/worker/consumer/consumer.py:507: CPendingDeprecationWarning: The broker_connection_retry configuration setting will no longer determine
whether broker connection retries are made during startup in Celery 6.0 and above.
If you wish to retain the existing behavior for retrying connections on startup,
you should set broker_connection_retry_on_startup to True.
  warnings.warn(

[2024-03-29 17:27:35,855: INFO/MainProcess] mingle: searching for neighbors
[2024-03-29 17:27:36,876: INFO/MainProcess] mingle: all alone
[2024-03-29 17:27:36,911: INFO/MainProcess] celery@MacBook-Air-bulbulator-air.local ready.
[2024-03-29 17:29:04,560: INFO/MainProcess] beat: Shutting down...
[2024-03-29 17:29:10,722: WARNING/MainProcess] /Users/bulbulator-air/Desktop/giftWinnerBot/venv/lib/python3.11/site-packages/celery/worker/consumer/consumer.py:507: CPendingDeprecationWarning: The broker_connection_retry configuration setting will no longer determine
whether broker connection retries are made during startup in Celery 6.0 and above.
If you wish to retain the existing behavior for retrying connections on startup,
you should set broker_connection_retry_on_startup to True.
  warnings.warn(

[2024-03-29 17:29:10,735: INFO/Beat] beat: Starting...
[2024-03-29 17:29:10,745: INFO/MainProcess] Connected to redis://localhost:6379//
[2024-03-29 17:29:10,746: WARNING/MainProcess] /Users/bulbulator-air/Desktop/giftWinnerBot/venv/lib/python3.11/site-packages/celery/worker/consumer/consumer.py:507: CPendingDeprecationWarning: The broker_connection_retry configuration setting will no longer determine
whether broker connection retries are made during startup in Celery 6.0 and above.
If you wish to retain the existing behavior for retrying connections on startup,
you should set broker_connection_retry_on_startup to True.
  warnings.warn(

[2024-03-29 17:29:10,759: INFO/MainProcess] mingle: searching for neighbors
[2024-03-29 17:29:11,784: INFO/MainProcess] mingle: all alone
[2024-03-29 17:29:11,834: INFO/MainProcess] celery@MacBook-Air-bulbulator-air.local ready.
[2024-03-29 17:30:07,464: INFO/MainProcess] beat: Shutting down...
[2024-03-29 17:30:11,154: WARNING/MainProcess] /Users/bulbulator-air/Desktop/giftWinnerBot/venv/lib/python3.11/site-packages/celery/worker/consumer/consumer.py:507: CPendingDeprecationWarning: The broker_connection_retry configuration setting will no longer determine
whether broker connection retries are made during startup in Celery 6.0 and above.
If you wish to retain the existing behavior for retrying connections on startup,
you should set broker_connection_retry_on_startup to True.
  warnings.warn(

[2024-03-29 17:30:11,168: INFO/Beat] beat: Starting...
[2024-03-29 17:30:11,170: INFO/MainProcess] Connected to redis://localhost:6379//
[2024-03-29 17:30:11,171: WARNING/MainProcess] /Users/bulbulator-air/Desktop/giftWinnerBot/venv/lib/python3.11/site-packages/celery/worker/consumer/consumer.py:507: CPendingDeprecationWarning: The broker_connection_retry configuration setting will no longer determine
whether broker connection retries are made during startup in Celery 6.0 and above.
If you wish to retain the existing behavior for retrying connections on startup,
you should set broker_connection_retry_on_startup to True.
  warnings.warn(

[2024-03-29 17:30:11,181: INFO/MainProcess] mingle: searching for neighbors
[2024-03-29 17:30:12,208: INFO/MainProcess] mingle: all alone
[2024-03-29 17:30:12,263: INFO/MainProcess] celery@MacBook-Air-bulbulator-air.local ready.
[2024-03-29 17:30:19,516: INFO/MainProcess] beat: Shutting down...
[2024-03-29 17:30:23,413: WARNING/MainProcess] /Users/bulbulator-air/Desktop/giftWinnerBot/venv/lib/python3.11/site-packages/celery/worker/consumer/consumer.py:507: CPendingDeprecationWarning: The broker_connection_retry configuration setting will no longer determine
whether broker connection retries are made during startup in Celery 6.0 and above.
If you wish to retain the existing behavior for retrying connections on startup,
you should set broker_connection_retry_on_startup to True.
  warnings.warn(

[2024-03-29 17:30:23,427: INFO/Beat] beat: Starting...
[2024-03-29 17:30:23,443: INFO/MainProcess] Connected to redis://localhost:6379//
[2024-03-29 17:30:23,443: WARNING/MainProcess] /Users/bulbulator-air/Desktop/giftWinnerBot/venv/lib/python3.11/site-packages/celery/worker/consumer/consumer.py:507: CPendingDeprecationWarning: The broker_connection_retry configuration setting will no longer determine
whether broker connection retries are made during startup in Celery 6.0 and above.
If you wish to retain the existing behavior for retrying connections on startup,
you should set broker_connection_retry_on_startup to True.
  warnings.warn(

[2024-03-29 17:30:23,449: INFO/MainProcess] mingle: searching for neighbors
[2024-03-29 17:30:24,469: INFO/MainProcess] mingle: all alone
[2024-03-29 17:30:24,532: INFO/MainProcess] celery@MacBook-Air-bulbulator-air.local ready.
[2024-03-29 17:36:09,500: INFO/MainProcess] beat: Shutting down...
[2024-03-29 17:36:15,193: WARNING/MainProcess] /Users/bulbulator-air/Desktop/giftWinnerBot/venv/lib/python3.11/site-packages/celery/worker/consumer/consumer.py:507: CPendingDeprecationWarning: The broker_connection_retry configuration setting will no longer determine
whether broker connection retries are made during startup in Celery 6.0 and above.
If you wish to retain the existing behavior for retrying connections on startup,
you should set broker_connection_retry_on_startup to True.
  warnings.warn(

[2024-03-29 17:36:15,204: INFO/Beat] beat: Starting...
[2024-03-29 17:36:15,217: INFO/MainProcess] Connected to redis://localhost:6379//
[2024-03-29 17:36:15,217: WARNING/MainProcess] /Users/bulbulator-air/Desktop/giftWinnerBot/venv/lib/python3.11/site-packages/celery/worker/consumer/consumer.py:507: CPendingDeprecationWarning: The broker_connection_retry configuration setting will no longer determine
whether broker connection retries are made during startup in Celery 6.0 and above.
If you wish to retain the existing behavior for retrying connections on startup,
you should set broker_connection_retry_on_startup to True.
  warnings.warn(

[2024-03-29 17:36:15,222: INFO/MainProcess] mingle: searching for neighbors
[2024-03-29 17:36:16,245: INFO/MainProcess] mingle: all alone
[2024-03-29 17:36:16,301: INFO/MainProcess] celery@MacBook-Air-bulbulator-air.local ready.
[2024-03-29 17:36:30,367: INFO/MainProcess] beat: Shutting down...
[2024-03-29 17:36:42,867: INFO/Beat] beat: Starting...
[2024-03-29 17:36:43,148: WARNING/MainProcess] /Users/bulbulator-air/Desktop/giftWinnerBot/venv/lib/python3.11/site-packages/celery/worker/consumer/consumer.py:507: CPendingDeprecationWarning: The broker_connection_retry configuration setting will no longer determine
whether broker connection retries are made during startup in Celery 6.0 and above.
If you wish to retain the existing behavior for retrying connections on startup,
you should set broker_connection_retry_on_startup to True.
  warnings.warn(

[2024-03-29 17:36:43,165: INFO/MainProcess] Connected to redis://localhost:6379//
[2024-03-29 17:36:43,166: WARNING/MainProcess] /Users/bulbulator-air/Desktop/giftWinnerBot/venv/lib/python3.11/site-packages/celery/worker/consumer/consumer.py:507: CPendingDeprecationWarning: The broker_connection_retry configuration setting will no longer determine
whether broker connection retries are made during startup in Celery 6.0 and above.
If you wish to retain the existing behavior for retrying connections on startup,
you should set broker_connection_retry_on_startup to True.
  warnings.warn(

[2024-03-29 17:36:43,173: INFO/MainProcess] mingle: searching for neighbors
[2024-03-29 17:36:44,195: INFO/MainProcess] mingle: all alone
[2024-03-29 17:36:44,230: INFO/MainProcess] celery@MacBook-Air-bulbulator-air.local ready.
[2024-03-29 17:38:17,977: INFO/MainProcess] beat: Shutting down...
[2024-03-29 17:38:20,403: WARNING/MainProcess] /Users/bulbulator-air/Desktop/giftWinnerBot/venv/lib/python3.11/site-packages/celery/worker/consumer/consumer.py:507: CPendingDeprecationWarning: The broker_connection_retry configuration setting will no longer determine
whether broker connection retries are made during startup in Celery 6.0 and above.
If you wish to retain the existing behavior for retrying connections on startup,
you should set broker_connection_retry_on_startup to True.
  warnings.warn(

[2024-03-29 17:38:20,416: INFO/Beat] beat: Starting...
[2024-03-29 17:38:20,428: INFO/MainProcess] Connected to redis://localhost:6379//
[2024-03-29 17:38:20,429: WARNING/MainProcess] /Users/bulbulator-air/Desktop/giftWinnerBot/venv/lib/python3.11/site-packages/celery/worker/consumer/consumer.py:507: CPendingDeprecationWarning: The broker_connection_retry configuration setting will no longer determine
whether broker connection retries are made during startup in Celery 6.0 and above.
If you wish to retain the existing behavior for retrying connections on startup,
you should set broker_connection_retry_on_startup to True.
  warnings.warn(

[2024-03-29 17:38:20,441: INFO/MainProcess] mingle: searching for neighbors
[2024-03-29 17:38:21,462: INFO/MainProcess] mingle: all alone
[2024-03-29 17:38:21,504: INFO/MainProcess] celery@MacBook-Air-bulbulator-air.local ready.
[2024-03-29 17:38:32,497: INFO/MainProcess] beat: Shutting down...
[2024-03-29 17:39:28,895: WARNING/MainProcess] /Users/bulbulator-air/Desktop/giftWinnerBot/venv/lib/python3.11/site-packages/celery/worker/consumer/consumer.py:507: CPendingDeprecationWarning: The broker_connection_retry configuration setting will no longer determine
whether broker connection retries are made during startup in Celery 6.0 and above.
If you wish to retain the existing behavior for retrying connections on startup,
you should set broker_connection_retry_on_startup to True.
  warnings.warn(

[2024-03-29 17:39:28,907: INFO/Beat] beat: Starting...
[2024-03-29 17:39:28,911: INFO/MainProcess] Connected to redis://localhost:6379//
[2024-03-29 17:39:28,912: WARNING/MainProcess] /Users/bulbulator-air/Desktop/giftWinnerBot/venv/lib/python3.11/site-packages/celery/worker/consumer/consumer.py:507: CPendingDeprecationWarning: The broker_connection_retry configuration setting will no longer determine
whether broker connection retries are made during startup in Celery 6.0 and above.
If you wish to retain the existing behavior for retrying connections on startup,
you should set broker_connection_retry_on_startup to True.
  warnings.warn(

[2024-03-29 17:39:28,917: INFO/MainProcess] mingle: searching for neighbors
[2024-03-29 17:39:29,942: INFO/MainProcess] mingle: all alone
[2024-03-29 17:39:29,997: INFO/MainProcess] celery@MacBook-Air-bulbulator-air.local ready.
[2024-03-29 17:39:42,048: INFO/MainProcess] beat: Shutting down...
[2024-03-29 17:40:31,015: INFO/Beat] beat: Starting...
[2024-03-29 17:40:31,251: WARNING/MainProcess] /Users/bulbulator-air/Desktop/giftWinnerBot/venv/lib/python3.11/site-packages/celery/worker/consumer/consumer.py:507: CPendingDeprecationWarning: The broker_connection_retry configuration setting will no longer determine
whether broker connection retries are made during startup in Celery 6.0 and above.
If you wish to retain the existing behavior for retrying connections on startup,
you should set broker_connection_retry_on_startup to True.
  warnings.warn(

[2024-03-29 17:40:31,267: INFO/MainProcess] Connected to redis://localhost:6379//
[2024-03-29 17:40:31,268: WARNING/MainProcess] /Users/bulbulator-air/Desktop/giftWinnerBot/venv/lib/python3.11/site-packages/celery/worker/consumer/consumer.py:507: CPendingDeprecationWarning: The broker_connection_retry configuration setting will no longer determine
whether broker connection retries are made during startup in Celery 6.0 and above.
If you wish to retain the existing behavior for retrying connections on startup,
you should set broker_connection_retry_on_startup to True.
  warnings.warn(

[2024-03-29 17:40:31,274: INFO/MainProcess] mingle: searching for neighbors
[2024-03-29 17:40:32,297: INFO/MainProcess] mingle: all alone
[2024-03-29 17:40:32,340: INFO/MainProcess] celery@MacBook-Air-bulbulator-air.local ready.
[2024-03-29 17:41:09,453: INFO/MainProcess] beat: Shutting down...
[2024-03-29 17:41:36,044: INFO/Beat] beat: Starting...
[2024-03-29 17:41:36,282: WARNING/MainProcess] /Users/bulbulator-air/Desktop/giftWinnerBot/venv/lib/python3.11/site-packages/celery/worker/consumer/consumer.py:507: CPendingDeprecationWarning: The broker_connection_retry configuration setting will no longer determine
whether broker connection retries are made during startup in Celery 6.0 and above.
If you wish to retain the existing behavior for retrying connections on startup,
you should set broker_connection_retry_on_startup to True.
  warnings.warn(

[2024-03-29 17:41:36,301: INFO/MainProcess] Connected to redis://localhost:6379//
[2024-03-29 17:41:36,302: WARNING/MainProcess] /Users/bulbulator-air/Desktop/giftWinnerBot/venv/lib/python3.11/site-packages/celery/worker/consumer/consumer.py:507: CPendingDeprecationWarning: The broker_connection_retry configuration setting will no longer determine
whether broker connection retries are made during startup in Celery 6.0 and above.
If you wish to retain the existing behavior for retrying connections on startup,
you should set broker_connection_retry_on_startup to True.
  warnings.warn(

[2024-03-29 17:41:36,312: INFO/MainProcess] mingle: searching for neighbors
[2024-03-29 17:41:37,335: INFO/MainProcess] mingle: all alone
[2024-03-29 17:41:37,368: INFO/MainProcess] celery@MacBook-Air-bulbulator-air.local ready.
[2024-03-29 17:42:56,601: INFO/MainProcess] beat: Shutting down...
[2024-03-29 17:43:07,940: INFO/Beat] beat: Starting...
[2024-03-29 17:43:08,194: WARNING/MainProcess] /Users/bulbulator-air/Desktop/giftWinnerBot/venv/lib/python3.11/site-packages/celery/worker/consumer/consumer.py:507: CPendingDeprecationWarning: The broker_connection_retry configuration setting will no longer determine
whether broker connection retries are made during startup in Celery 6.0 and above.
If you wish to retain the existing behavior for retrying connections on startup,
you should set broker_connection_retry_on_startup to True.
  warnings.warn(

[2024-03-29 17:43:08,211: INFO/MainProcess] Connected to redis://localhost:6379//
[2024-03-29 17:43:08,212: WARNING/MainProcess] /Users/bulbulator-air/Desktop/giftWinnerBot/venv/lib/python3.11/site-packages/celery/worker/consumer/consumer.py:507: CPendingDeprecationWarning: The broker_connection_retry configuration setting will no longer determine
whether broker connection retries are made during startup in Celery 6.0 and above.
If you wish to retain the existing behavior for retrying connections on startup,
you should set broker_connection_retry_on_startup to True.
  warnings.warn(

[2024-03-29 17:43:08,224: INFO/MainProcess] mingle: searching for neighbors
[2024-03-29 17:43:09,250: INFO/MainProcess] mingle: all alone
[2024-03-29 17:43:09,291: INFO/MainProcess] celery@MacBook-Air-bulbulator-air.local ready.
[2024-03-29 17:47:48,004: INFO/MainProcess] beat: Shutting down...
[2024-03-29 17:47:58,014: INFO/Beat] beat: Starting...
[2024-03-29 17:47:58,275: WARNING/MainProcess] /Users/bulbulator-air/Desktop/giftWinnerBot/venv/lib/python3.11/site-packages/celery/worker/consumer/consumer.py:507: CPendingDeprecationWarning: The broker_connection_retry configuration setting will no longer determine
whether broker connection retries are made during startup in Celery 6.0 and above.
If you wish to retain the existing behavior for retrying connections on startup,
you should set broker_connection_retry_on_startup to True.
  warnings.warn(

[2024-03-29 17:47:58,292: INFO/MainProcess] Connected to redis://localhost:6379//
[2024-03-29 17:47:58,293: WARNING/MainProcess] /Users/bulbulator-air/Desktop/giftWinnerBot/venv/lib/python3.11/site-packages/celery/worker/consumer/consumer.py:507: CPendingDeprecationWarning: The broker_connection_retry configuration setting will no longer determine
whether broker connection retries are made during startup in Celery 6.0 and above.
If you wish to retain the existing behavior for retrying connections on startup,
you should set broker_connection_retry_on_startup to True.
  warnings.warn(

[2024-03-29 17:47:58,297: INFO/MainProcess] mingle: searching for neighbors
[2024-03-29 17:47:59,319: INFO/MainProcess] mingle: all alone
[2024-03-29 17:47:59,361: INFO/MainProcess] celery@MacBook-Air-bulbulator-air.local ready.
[2024-03-29 17:51:28,944: INFO/MainProcess] beat: Shutting down...
[2024-03-29 17:51:31,022: INFO/Beat] beat: Starting...
[2024-03-29 17:51:31,302: WARNING/MainProcess] /Users/bulbulator-air/Desktop/giftWinnerBot/venv/lib/python3.11/site-packages/celery/worker/consumer/consumer.py:507: CPendingDeprecationWarning: The broker_connection_retry configuration setting will no longer determine
whether broker connection retries are made during startup in Celery 6.0 and above.
If you wish to retain the existing behavior for retrying connections on startup,
you should set broker_connection_retry_on_startup to True.
  warnings.warn(

[2024-03-29 17:51:31,327: INFO/MainProcess] Connected to redis://localhost:6379//
[2024-03-29 17:51:31,328: WARNING/MainProcess] /Users/bulbulator-air/Desktop/giftWinnerBot/venv/lib/python3.11/site-packages/celery/worker/consumer/consumer.py:507: CPendingDeprecationWarning: The broker_connection_retry configuration setting will no longer determine
whether broker connection retries are made during startup in Celery 6.0 and above.
If you wish to retain the existing behavior for retrying connections on startup,
you should set broker_connection_retry_on_startup to True.
  warnings.warn(

[2024-03-29 17:51:31,333: INFO/MainProcess] mingle: searching for neighbors
[2024-03-29 17:51:32,357: INFO/MainProcess] mingle: all alone
[2024-03-29 17:51:32,394: INFO/MainProcess] celery@MacBook-Air-bulbulator-air.local ready.
[2024-03-29 17:52:52,823: INFO/MainProcess] beat: Shutting down...
[2024-03-29 17:53:03,100: WARNING/MainProcess] /Users/bulbulator-air/Desktop/giftWinnerBot/venv/lib/python3.11/site-packages/celery/worker/consumer/consumer.py:507: CPendingDeprecationWarning: The broker_connection_retry configuration setting will no longer determine
whether broker connection retries are made during startup in Celery 6.0 and above.
If you wish to retain the existing behavior for retrying connections on startup,
you should set broker_connection_retry_on_startup to True.
  warnings.warn(

[2024-03-29 17:53:03,119: WARNING/MainProcess] /Users/bulbulator-air/Desktop/giftWinnerBot/venv/lib/python3.11/site-packages/celery/worker/consumer/consumer.py:507: CPendingDeprecationWarning: The broker_connection_retry configuration setting will no longer determine
whether broker connection retries are made during startup in Celery 6.0 and above.
If you wish to retain the existing behavior for retrying connections on startup,
you should set broker_connection_retry_on_startup to True.
  warnings.warn(

[2024-03-29 17:53:22,009: WARNING/MainProcess] /Users/bulbulator-air/Desktop/giftWinnerBot/venv/lib/python3.11/site-packages/celery/worker/consumer/consumer.py:507: CPendingDeprecationWarning: The broker_connection_retry configuration setting will no longer determine
whether broker connection retries are made during startup in Celery 6.0 and above.
If you wish to retain the existing behavior for retrying connections on startup,
you should set broker_connection_retry_on_startup to True.
  warnings.warn(

[2024-03-29 17:53:22,029: WARNING/MainProcess] /Users/bulbulator-air/Desktop/giftWinnerBot/venv/lib/python3.11/site-packages/celery/worker/consumer/consumer.py:507: CPendingDeprecationWarning: The broker_connection_retry configuration setting will no longer determine
whether broker connection retries are made during startup in Celery 6.0 and above.
If you wish to retain the existing behavior for retrying connections on startup,
you should set broker_connection_retry_on_startup to True.
  warnings.warn(

[2024-03-29 17:53:38,828: WARNING/MainProcess] /Users/bulbulator-air/Desktop/giftWinnerBot/venv/lib/python3.11/site-packages/celery/worker/consumer/consumer.py:507: CPendingDeprecationWarning: The broker_connection_retry configuration setting will no longer determine
whether broker connection retries are made during startup in Celery 6.0 and above.
If you wish to retain the existing behavior for retrying connections on startup,
you should set broker_connection_retry_on_startup to True.
  warnings.warn(

[2024-03-29 17:53:38,852: WARNING/MainProcess] /Users/bulbulator-air/Desktop/giftWinnerBot/venv/lib/python3.11/site-packages/celery/worker/consumer/consumer.py:507: CPendingDeprecationWarning: The broker_connection_retry configuration setting will no longer determine
whether broker connection retries are made during startup in Celery 6.0 and above.
If you wish to retain the existing behavior for retrying connections on startup,
you should set broker_connection_retry_on_startup to True.
  warnings.warn(

[2024-03-29 17:54:49,176: WARNING/MainProcess] /Users/bulbulator-air/Desktop/giftWinnerBot/venv/lib/python3.11/site-packages/celery/worker/consumer/consumer.py:507: CPendingDeprecationWarning: The broker_connection_retry configuration setting will no longer determine
whether broker connection retries are made during startup in Celery 6.0 and above.
If you wish to retain the existing behavior for retrying connections on startup,
you should set broker_connection_retry_on_startup to True.
  warnings.warn(

[2024-03-29 17:54:49,192: INFO/Beat] beat: Starting...
[2024-03-29 17:54:49,198: INFO/MainProcess] Connected to redis://localhost:6379//
[2024-03-29 17:54:49,199: WARNING/MainProcess] /Users/bulbulator-air/Desktop/giftWinnerBot/venv/lib/python3.11/site-packages/celery/worker/consumer/consumer.py:507: CPendingDeprecationWarning: The broker_connection_retry configuration setting will no longer determine
whether broker connection retries are made during startup in Celery 6.0 and above.
If you wish to retain the existing behavior for retrying connections on startup,
you should set broker_connection_retry_on_startup to True.
  warnings.warn(

[2024-03-29 17:54:49,206: INFO/MainProcess] mingle: searching for neighbors
[2024-03-29 17:54:50,232: INFO/MainProcess] mingle: all alone
[2024-03-29 17:54:50,285: INFO/MainProcess] celery@MacBook-Air-bulbulator-air.local ready.
[2024-03-29 17:59:33,060: INFO/MainProcess] beat: Shutting down...
[2024-03-29 17:59:36,124: INFO/Beat] beat: Starting...
[2024-03-29 17:59:36,385: WARNING/MainProcess] /Users/bulbulator-air/Desktop/giftWinnerBot/venv/lib/python3.11/site-packages/celery/worker/consumer/consumer.py:507: CPendingDeprecationWarning: The broker_connection_retry configuration setting will no longer determine
whether broker connection retries are made during startup in Celery 6.0 and above.
If you wish to retain the existing behavior for retrying connections on startup,
you should set broker_connection_retry_on_startup to True.
  warnings.warn(

[2024-03-29 17:59:36,405: INFO/MainProcess] Connected to redis://localhost:6379//
[2024-03-29 17:59:36,405: WARNING/MainProcess] /Users/bulbulator-air/Desktop/giftWinnerBot/venv/lib/python3.11/site-packages/celery/worker/consumer/consumer.py:507: CPendingDeprecationWarning: The broker_connection_retry configuration setting will no longer determine
whether broker connection retries are made during startup in Celery 6.0 and above.
If you wish to retain the existing behavior for retrying connections on startup,
you should set broker_connection_retry_on_startup to True.
  warnings.warn(

[2024-03-29 17:59:36,411: INFO/MainProcess] mingle: searching for neighbors
[2024-03-29 17:59:37,439: INFO/MainProcess] mingle: all alone
[2024-03-29 17:59:37,483: INFO/MainProcess] celery@MacBook-Air-bulbulator-air.local ready.
[2024-03-29 18:09:12,066: INFO/MainProcess] beat: Shutting down...
[2024-03-29 18:09:14,620: WARNING/MainProcess] /Users/bulbulator-air/Desktop/giftWinnerBot/venv/lib/python3.11/site-packages/celery/worker/consumer/consumer.py:507: CPendingDeprecationWarning: The broker_connection_retry configuration setting will no longer determine
whether broker connection retries are made during startup in Celery 6.0 and above.
If you wish to retain the existing behavior for retrying connections on startup,
you should set broker_connection_retry_on_startup to True.
  warnings.warn(

[2024-03-29 18:09:14,631: INFO/Beat] beat: Starting...
[2024-03-29 18:09:14,644: INFO/MainProcess] Connected to redis://localhost:6379//
[2024-03-29 18:09:14,644: WARNING/MainProcess] /Users/bulbulator-air/Desktop/giftWinnerBot/venv/lib/python3.11/site-packages/celery/worker/consumer/consumer.py:507: CPendingDeprecationWarning: The broker_connection_retry configuration setting will no longer determine
whether broker connection retries are made during startup in Celery 6.0 and above.
If you wish to retain the existing behavior for retrying connections on startup,
you should set broker_connection_retry_on_startup to True.
  warnings.warn(

[2024-03-29 18:09:14,650: INFO/MainProcess] mingle: searching for neighbors
[2024-03-29 18:09:15,670: INFO/MainProcess] mingle: all alone
[2024-03-29 18:09:15,713: INFO/MainProcess] celery@MacBook-Air-bulbulator-air.local ready.
